
/Users/alexpoulin/Downloads/git/needliest/cpp/build/my_program:     file format elf32-avr

Sections:
Idx Name          Size      VMA       LMA       File off  Algn
  0 .data         00000008  00800100  0000099e  00000a32  2**0
                  CONTENTS, ALLOC, LOAD, DATA
  1 .text         0000099e  00000000  00000000  00000094  2**1
                  CONTENTS, ALLOC, LOAD, READONLY, CODE
  2 .bss          00000008  00800108  00800108  00000a3a  2**0
                  ALLOC
  3 .comment      0000002a  00000000  00000000  00000a3a  2**0
                  CONTENTS, READONLY
  4 .note.gnu.avr.deviceinfo 00000040  00000000  00000000  00000a64  2**2
                  CONTENTS, READONLY, OCTETS
  5 .debug_aranges 00000120  00000000  00000000  00000aa8  2**3
                  CONTENTS, READONLY, DEBUGGING, OCTETS
  6 .debug_info   00000738  00000000  00000000  00000bc8  2**0
                  CONTENTS, READONLY, DEBUGGING, OCTETS
  7 .debug_abbrev 00000656  00000000  00000000  00001300  2**0
                  CONTENTS, READONLY, DEBUGGING, OCTETS
  8 .debug_line   00000548  00000000  00000000  00001956  2**0
                  CONTENTS, READONLY, DEBUGGING, OCTETS
  9 .debug_str    000002a9  00000000  00000000  00001e9e  2**0
                  CONTENTS, READONLY, DEBUGGING, OCTETS
 10 .debug_line_str 0000008f  00000000  00000000  00002147  2**0
                  CONTENTS, READONLY, DEBUGGING, OCTETS

Disassembly of section .text:

00000000 <__vectors>:
   0:	0c 94 34 00 	jmp	0x68	; 0x68 <__ctors_end>
   4:	0c 94 51 00 	jmp	0xa2	; 0xa2 <__bad_interrupt>
   8:	0c 94 51 00 	jmp	0xa2	; 0xa2 <__bad_interrupt>
   c:	0c 94 51 00 	jmp	0xa2	; 0xa2 <__bad_interrupt>
  10:	0c 94 51 00 	jmp	0xa2	; 0xa2 <__bad_interrupt>
  14:	0c 94 51 00 	jmp	0xa2	; 0xa2 <__bad_interrupt>
  18:	0c 94 51 00 	jmp	0xa2	; 0xa2 <__bad_interrupt>
  1c:	0c 94 51 00 	jmp	0xa2	; 0xa2 <__bad_interrupt>
  20:	0c 94 51 00 	jmp	0xa2	; 0xa2 <__bad_interrupt>
  24:	0c 94 51 00 	jmp	0xa2	; 0xa2 <__bad_interrupt>
  28:	0c 94 51 00 	jmp	0xa2	; 0xa2 <__bad_interrupt>
  2c:	0c 94 51 00 	jmp	0xa2	; 0xa2 <__bad_interrupt>
  30:	0c 94 51 00 	jmp	0xa2	; 0xa2 <__bad_interrupt>
  34:	0c 94 51 00 	jmp	0xa2	; 0xa2 <__bad_interrupt>
  38:	0c 94 51 00 	jmp	0xa2	; 0xa2 <__bad_interrupt>
  3c:	0c 94 51 00 	jmp	0xa2	; 0xa2 <__bad_interrupt>
  40:	0c 94 51 00 	jmp	0xa2	; 0xa2 <__bad_interrupt>
  44:	0c 94 51 00 	jmp	0xa2	; 0xa2 <__bad_interrupt>
  48:	0c 94 51 00 	jmp	0xa2	; 0xa2 <__bad_interrupt>
  4c:	0c 94 51 00 	jmp	0xa2	; 0xa2 <__bad_interrupt>
  50:	0c 94 51 00 	jmp	0xa2	; 0xa2 <__bad_interrupt>
  54:	0c 94 51 00 	jmp	0xa2	; 0xa2 <__bad_interrupt>
  58:	0c 94 51 00 	jmp	0xa2	; 0xa2 <__bad_interrupt>
  5c:	0c 94 51 00 	jmp	0xa2	; 0xa2 <__bad_interrupt>
  60:	0c 94 51 00 	jmp	0xa2	; 0xa2 <__bad_interrupt>
  64:	0c 94 51 00 	jmp	0xa2	; 0xa2 <__bad_interrupt>

00000068 <__ctors_end>:
  68:	11 24       	eor	r1, r1
  6a:	1f be       	out	0x3f, r1	; 63

0000006c <__init_sp>:
  6c:	cf ef       	ldi	r28, 0xFF	; 255
  6e:	d8 e0       	ldi	r29, 0x08	; 8
  70:	de bf       	out	0x3e, r29	; 62
  72:	cd bf       	out	0x3d, r28	; 61

00000074 <__do_copy_data>:
.L__do_copy_data_start:
	cpi	r26, lo8(__data_end)
	cpc	r27, r17
	brne	.L__do_copy_data_loop
#elif !defined(__AVR_HAVE_ELPMX__) && !defined(__AVR_HAVE_ELPM__)
	ldi	r17, hi8(__data_end)
  74:	11 e0       	ldi	r17, 0x01	; 1

00000076 <.Loc.1>:
	ldi	r26, lo8(__data_start)
  76:	a0 e0       	ldi	r26, 0x00	; 0

00000078 <.Loc.2>:
	ldi	r27, hi8(__data_start)
  78:	b1 e0       	ldi	r27, 0x01	; 1

0000007a <.Loc.3>:
	ldi	r30, lo8(__data_load_start)
  7a:	ee e9       	ldi	r30, 0x9E	; 158

0000007c <.Loc.4>:
	ldi	r31, hi8(__data_load_start)
  7c:	f9 e0       	ldi	r31, 0x09	; 9

0000007e <.Loc.5>:
	rjmp	.L__do_copy_data_start
  7e:	02 c0       	rjmp	.+4      	; 0x84 <.L__do_copy_data_start>

00000080 <.L__do_copy_data_loop>:
.L__do_copy_data_loop:
#if defined (__AVR_HAVE_LPMX__)
	lpm	r0, Z+
  80:	05 90       	lpm	r0, Z+

00000082 <.Loc.7>:
#else
	lpm
	adiw	r30, 1
#endif
	st	X+, r0
  82:	0d 92       	st	X+, r0

00000084 <.L__do_copy_data_start>:
.L__do_copy_data_start:
	cpi	r26, lo8(__data_end)
  84:	a8 30       	cpi	r26, 0x08	; 8

00000086 <.Loc.9>:
	cpc	r27, r17
  86:	b1 07       	cpc	r27, r17

00000088 <.Loc.10>:
	brne	.L__do_copy_data_loop
  88:	d9 f7       	brne	.-10     	; 0x80 <.L__do_copy_data_loop>

0000008a <__do_clear_bss>:
/* __do_clear_bss is only necessary if there is anything in .bss section.  */

#ifdef L_clear_bss
	.section .init4,"ax",@progbits
DEFUN __do_clear_bss
	ldi	r18, hi8(__bss_end)
  8a:	21 e0       	ldi	r18, 0x01	; 1

0000008c <.Loc.1>:
	ldi	r26, lo8(__bss_start)
  8c:	a8 e0       	ldi	r26, 0x08	; 8

0000008e <.Loc.2>:
	ldi	r27, hi8(__bss_start)
  8e:	b1 e0       	ldi	r27, 0x01	; 1

00000090 <.Loc.3>:
	rjmp	.do_clear_bss_start
  90:	01 c0       	rjmp	.+2      	; 0x94 <.Loc.5>

00000092 <.Loc.4>:
.do_clear_bss_loop:
	st	X+, __zero_reg__
  92:	1d 92       	st	X+, r1

00000094 <.Loc.5>:
.do_clear_bss_start:
	cpi	r26, lo8(__bss_end)
  94:	a0 31       	cpi	r26, 0x10	; 16

00000096 <.Loc.6>:
	cpc	r27, r18
  96:	b2 07       	cpc	r27, r18

00000098 <.Loc.7>:
	brne	.do_clear_bss_loop
  98:	e1 f7       	brne	.-8      	; 0x92 <.Loc.4>

0000009a <__call_main>:
  9a:	0e 94 0e 02 	call	0x41c	; 0x41c <main>
  9e:	0c 94 cd 04 	jmp	0x99a	; 0x99a <_exit>

000000a2 <__bad_interrupt>:
  a2:	0c 94 00 00 	jmp	0	; 0x0 <__vectors>

000000a6 <_Z7pinModehh>:
  a6:	61 30       	cpi	r22, 0x01	; 1
  a8:	d1 f4       	brne	.+52     	; 0xde <.L2>
  aa:	88 30       	cpi	r24, 0x08	; 8
  ac:	48 f4       	brcc	.+18     	; 0xc0 <.L3>
  ae:	9a b1       	in	r25, 0x0a	; 10
  b0:	21 e0       	ldi	r18, 0x01	; 1
  b2:	01 c0       	rjmp	.+2      	; 0xb6 <.L2^B1>

000000b4 <.L1^B1>:
  b4:	22 0f       	add	r18, r18

000000b6 <.L2^B1>:
  b6:	8a 95       	dec	r24
  b8:	ea f7       	brpl	.-6      	; 0xb4 <.L1^B1>
  ba:	92 2b       	or	r25, r18
  bc:	9a b9       	out	0x0a, r25	; 10
  be:	08 95       	ret

000000c0 <.L3>:
  c0:	98 2f       	mov	r25, r24
  c2:	98 50       	subi	r25, 0x08	; 8
  c4:	96 30       	cpi	r25, 0x06	; 6
  c6:	40 f5       	brcc	.+80     	; 0x118 <.L1>
  c8:	24 b1       	in	r18, 0x04	; 4
  ca:	88 50       	subi	r24, 0x08	; 8
  cc:	99 0b       	sbc	r25, r25
  ce:	41 e0       	ldi	r20, 0x01	; 1
  d0:	01 c0       	rjmp	.+2      	; 0xd4 <.L2^B2>

000000d2 <.L1^B2>:
  d2:	44 0f       	add	r20, r20

000000d4 <.L2^B2>:
  d4:	8a 95       	dec	r24
  d6:	ea f7       	brpl	.-6      	; 0xd2 <.L1^B2>
  d8:	24 2b       	or	r18, r20
  da:	24 b9       	out	0x04, r18	; 4
  dc:	08 95       	ret

000000de <.L2>:
  de:	e0 f4       	brcc	.+56     	; 0x118 <.L1>
  e0:	88 30       	cpi	r24, 0x08	; 8
  e2:	50 f4       	brcc	.+20     	; 0xf8 <.L5>
  e4:	9a b1       	in	r25, 0x0a	; 10
  e6:	21 e0       	ldi	r18, 0x01	; 1
  e8:	01 c0       	rjmp	.+2      	; 0xec <.L2^B3>

000000ea <.L1^B3>:
  ea:	22 0f       	add	r18, r18

000000ec <.L2^B3>:
  ec:	8a 95       	dec	r24
  ee:	ea f7       	brpl	.-6      	; 0xea <.L1^B3>
  f0:	20 95       	com	r18
  f2:	29 23       	and	r18, r25
  f4:	2a b9       	out	0x0a, r18	; 10
  f6:	08 95       	ret

000000f8 <.L5>:
  f8:	98 2f       	mov	r25, r24
  fa:	98 50       	subi	r25, 0x08	; 8
  fc:	96 30       	cpi	r25, 0x06	; 6
  fe:	60 f4       	brcc	.+24     	; 0x118 <.L1>
 100:	44 b1       	in	r20, 0x04	; 4
 102:	88 50       	subi	r24, 0x08	; 8
 104:	99 0b       	sbc	r25, r25
 106:	21 e0       	ldi	r18, 0x01	; 1
 108:	01 c0       	rjmp	.+2      	; 0x10c <.L2^B4>

0000010a <.L1^B4>:
 10a:	22 0f       	add	r18, r18

0000010c <.L2^B4>:
 10c:	8a 95       	dec	r24
 10e:	ea f7       	brpl	.-6      	; 0x10a <.L1^B4>
 110:	82 2f       	mov	r24, r18
 112:	80 95       	com	r24
 114:	84 23       	and	r24, r20
 116:	84 b9       	out	0x04, r24	; 4

00000118 <.L1>:
 118:	08 95       	ret

0000011a <_Z10analogReadh>:
 11a:	87 70       	andi	r24, 0x07	; 7
 11c:	80 64       	ori	r24, 0x40	; 64
 11e:	80 93 7c 00 	sts	0x007C, r24	; 0x80007c <__TEXT_REGION_LENGTH__+0x7f807c>
 122:	80 91 7a 00 	lds	r24, 0x007A	; 0x80007a <__TEXT_REGION_LENGTH__+0x7f807a>
 126:	80 68       	ori	r24, 0x80	; 128
 128:	80 93 7a 00 	sts	0x007A, r24	; 0x80007a <__TEXT_REGION_LENGTH__+0x7f807a>
 12c:	80 91 7a 00 	lds	r24, 0x007A	; 0x80007a <__TEXT_REGION_LENGTH__+0x7f807a>
 130:	80 64       	ori	r24, 0x40	; 64
 132:	80 93 7a 00 	sts	0x007A, r24	; 0x80007a <__TEXT_REGION_LENGTH__+0x7f807a>

00000136 <.L7>:
 136:	80 91 7a 00 	lds	r24, 0x007A	; 0x80007a <__TEXT_REGION_LENGTH__+0x7f807a>
 13a:	86 fd       	sbrc	r24, 6
 13c:	fc cf       	rjmp	.-8      	; 0x136 <.L7>
 13e:	80 91 78 00 	lds	r24, 0x0078	; 0x800078 <__TEXT_REGION_LENGTH__+0x7f8078>
 142:	90 91 79 00 	lds	r25, 0x0079	; 0x800079 <__TEXT_REGION_LENGTH__+0x7f8079>
 146:	08 95       	ret

00000148 <_Z5setupv>:
 148:	54 9a       	sbi	0x0a, 4	; 10
 14a:	53 9a       	sbi	0x0a, 3	; 10
 14c:	52 9a       	sbi	0x0a, 2	; 10
 14e:	55 98       	cbi	0x0a, 5	; 10
 150:	08 95       	ret

00000152 <_Z3maplllll>:
 152:	4f 92       	push	r4
 154:	5f 92       	push	r5
 156:	6f 92       	push	r6
 158:	7f 92       	push	r7
 15a:	af 92       	push	r10
 15c:	bf 92       	push	r11
 15e:	cf 92       	push	r12
 160:	df 92       	push	r13
 162:	ef 92       	push	r14
 164:	ff 92       	push	r15
 166:	0f 93       	push	r16
 168:	1f 93       	push	r17
 16a:	cf 93       	push	r28
 16c:	df 93       	push	r29
 16e:	cd b7       	in	r28, 0x3d	; 61
 170:	de b7       	in	r29, 0x3e	; 62
 172:	29 01       	movw	r4, r18
 174:	3a 01       	movw	r6, r20
 176:	9b 01       	movw	r18, r22
 178:	ac 01       	movw	r20, r24
 17a:	24 19       	sub	r18, r4
 17c:	35 09       	sbc	r19, r5
 17e:	46 09       	sbc	r20, r6
 180:	57 09       	sbc	r21, r7
 182:	89 89       	ldd	r24, Y+17	; 0x11
 184:	9a 89       	ldd	r25, Y+18	; 0x12
 186:	ab 89       	ldd	r26, Y+19	; 0x13
 188:	bc 89       	ldd	r27, Y+20	; 0x14
 18a:	8a 19       	sub	r24, r10
 18c:	9b 09       	sbc	r25, r11
 18e:	ac 09       	sbc	r26, r12
 190:	bd 09       	sbc	r27, r13
 192:	bc 01       	movw	r22, r24
 194:	cd 01       	movw	r24, r26
 196:	0e 94 24 02 	call	0x448	; 0x448 <__mulsi3>
 19a:	97 01       	movw	r18, r14
 19c:	a8 01       	movw	r20, r16
 19e:	24 19       	sub	r18, r4
 1a0:	35 09       	sbc	r19, r5
 1a2:	46 09       	sbc	r20, r6
 1a4:	57 09       	sbc	r21, r7
 1a6:	0e 94 34 02 	call	0x468	; 0x468 <__divmodsi4>
 1aa:	2a 0d       	add	r18, r10
 1ac:	3b 1d       	adc	r19, r11
 1ae:	4c 1d       	adc	r20, r12
 1b0:	5d 1d       	adc	r21, r13
 1b2:	b9 01       	movw	r22, r18
 1b4:	ca 01       	movw	r24, r20
 1b6:	df 91       	pop	r29
 1b8:	cf 91       	pop	r28
 1ba:	1f 91       	pop	r17
 1bc:	0f 91       	pop	r16
 1be:	ff 90       	pop	r15
 1c0:	ef 90       	pop	r14
 1c2:	df 90       	pop	r13
 1c4:	cf 90       	pop	r12
 1c6:	bf 90       	pop	r11
 1c8:	af 90       	pop	r10
 1ca:	7f 90       	pop	r7
 1cc:	6f 90       	pop	r6
 1ce:	5f 90       	pop	r5
 1d0:	4f 90       	pop	r4
 1d2:	08 95       	ret

000001d4 <_Z17delayMicrosecondsj>:
 1d4:	20 e0       	ldi	r18, 0x00	; 0
 1d6:	30 e0       	ldi	r19, 0x00	; 0

000001d8 <.L12>:
 1d8:	28 17       	cp	r18, r24
 1da:	39 07       	cpc	r19, r25
 1dc:	09 f4       	brne	.+2      	; 0x1e0 <.L13>
 1de:	08 95       	ret

000001e0 <.L13>:
 1e0:	45 e0       	ldi	r20, 0x05	; 5

000001e2 <.L1^B5>:
 1e2:	4a 95       	dec	r20
 1e4:	f1 f7       	brne	.-4      	; 0x1e2 <.L1^B5>
 1e6:	00 00       	nop
 1e8:	2f 5f       	subi	r18, 0xFF	; 255
 1ea:	3f 4f       	sbci	r19, 0xFF	; 255
 1ec:	f5 cf       	rjmp	.-22     	; 0x1d8 <.L12>

000001ee <_Z12digitalWritehh>:
 1ee:	88 30       	cpi	r24, 0x08	; 8
 1f0:	78 f4       	brcc	.+30     	; 0x210 <.L15>
 1f2:	21 e0       	ldi	r18, 0x01	; 1
 1f4:	01 c0       	rjmp	.+2      	; 0x1f8 <.L2^B5>

000001f6 <.L1^B6>:
 1f6:	22 0f       	add	r18, r18

000001f8 <.L2^B5>:
 1f8:	8a 95       	dec	r24
 1fa:	ea f7       	brpl	.-6      	; 0x1f6 <.L1^B6>
 1fc:	9b b1       	in	r25, 0x0b	; 11
 1fe:	82 2f       	mov	r24, r18
 200:	61 30       	cpi	r22, 0x01	; 1
 202:	19 f4       	brne	.+6      	; 0x20a <.L16>
 204:	89 2b       	or	r24, r25

00000206 <.L19>:
 206:	8b b9       	out	0x0b, r24	; 11
 208:	08 95       	ret

0000020a <.L16>:
 20a:	80 95       	com	r24
 20c:	89 23       	and	r24, r25
 20e:	fb cf       	rjmp	.-10     	; 0x206 <.L19>

00000210 <.L15>:
 210:	98 2f       	mov	r25, r24
 212:	98 50       	subi	r25, 0x08	; 8
 214:	96 30       	cpi	r25, 0x06	; 6
 216:	68 f4       	brcc	.+26     	; 0x232 <.L14>
 218:	88 50       	subi	r24, 0x08	; 8
 21a:	99 0b       	sbc	r25, r25
 21c:	21 e0       	ldi	r18, 0x01	; 1
 21e:	01 c0       	rjmp	.+2      	; 0x222 <.L2^B6>

00000220 <.L1^B7>:
 220:	22 0f       	add	r18, r18

00000222 <.L2^B6>:
 222:	8a 95       	dec	r24
 224:	ea f7       	brpl	.-6      	; 0x220 <.L1^B7>
 226:	95 b1       	in	r25, 0x05	; 5
 228:	82 2f       	mov	r24, r18
 22a:	61 30       	cpi	r22, 0x01	; 1
 22c:	19 f4       	brne	.+6      	; 0x234 <.L18>
 22e:	89 2b       	or	r24, r25

00000230 <.L20>:
 230:	85 b9       	out	0x05, r24	; 5

00000232 <.L14>:
 232:	08 95       	ret

00000234 <.L18>:
 234:	80 95       	com	r24
 236:	89 23       	and	r24, r25
 238:	fb cf       	rjmp	.-10     	; 0x230 <.L20>

0000023a <_Z8setAngledd>:
 23a:	4f 92       	push	r4
 23c:	5f 92       	push	r5
 23e:	6f 92       	push	r6
 240:	7f 92       	push	r7
 242:	8f 92       	push	r8
 244:	9f 92       	push	r9
 246:	af 92       	push	r10
 248:	bf 92       	push	r11
 24a:	cf 92       	push	r12
 24c:	df 92       	push	r13
 24e:	ef 92       	push	r14
 250:	ff 92       	push	r15
 252:	0f 93       	push	r16
 254:	1f 93       	push	r17
 256:	cf 93       	push	r28
 258:	df 93       	push	r29
 25a:	00 d0       	rcall	.+0      	; 0x25c <L0^A>

0000025c <L0^A>:
 25c:	00 d0       	rcall	.+0      	; 0x25e <L0^A>

0000025e <L0^A>:
 25e:	00 d0       	rcall	.+0      	; 0x260 <L0^A>

00000260 <L0^A>:
 260:	cd b7       	in	r28, 0x3d	; 61
 262:	de b7       	in	r29, 0x3e	; 62
 264:	8b 01       	movw	r16, r22
 266:	8d 83       	std	Y+5, r24	; 0x05
 268:	9e 83       	std	Y+6, r25	; 0x06
 26a:	29 01       	movw	r4, r18
 26c:	3a 01       	movw	r6, r20
 26e:	a8 2f       	mov	r26, r24
 270:	b9 2f       	mov	r27, r25
 272:	9b 01       	movw	r18, r22
 274:	ad 01       	movw	r20, r26
 276:	b2 01       	movw	r22, r4
 278:	c3 01       	movw	r24, r6
 27a:	0e 94 8f 02 	call	0x51e	; 0x51e <__subsf3>
 27e:	4b 01       	movw	r8, r22
 280:	5c 01       	movw	r10, r24
 282:	60 93 08 01 	sts	0x0108, r22	; 0x800108 <delta>
 286:	90 92 09 01 	sts	0x0109, r9	; 0x800109 <delta+0x1>
 28a:	80 93 0a 01 	sts	0x010A, r24	; 0x80010a <delta+0x2>
 28e:	b0 92 0b 01 	sts	0x010B, r11	; 0x80010b <delta+0x3>
 292:	20 e0       	ldi	r18, 0x00	; 0
 294:	30 e0       	ldi	r19, 0x00	; 0
 296:	48 ec       	ldi	r20, 0xC8	; 200
 298:	53 e4       	ldi	r21, 0x43	; 67
 29a:	0e 94 60 04 	call	0x8c0	; 0x8c0 <__mulsf3>
 29e:	9f 77       	andi	r25, 0x7F	; 127
 2a0:	6b 01       	movw	r12, r22
 2a2:	7c 01       	movw	r14, r24
 2a4:	20 e0       	ldi	r18, 0x00	; 0
 2a6:	34 e2       	ldi	r19, 0x24	; 36
 2a8:	44 e7       	ldi	r20, 0x74	; 116
 2aa:	59 e4       	ldi	r21, 0x49	; 73
 2ac:	60 91 04 01 	lds	r22, 0x0104	; 0x800104 <dt>
 2b0:	70 91 05 01 	lds	r23, 0x0105	; 0x800105 <dt+0x1>
 2b4:	80 91 06 01 	lds	r24, 0x0106	; 0x800106 <dt+0x2>
 2b8:	90 91 07 01 	lds	r25, 0x0107	; 0x800107 <dt+0x3>
 2bc:	0e 94 60 04 	call	0x8c0	; 0x8c0 <__mulsf3>
 2c0:	96 01       	movw	r18, r12
 2c2:	a7 01       	movw	r20, r14
 2c4:	0e 94 01 03 	call	0x602	; 0x602 <__divsf3>
 2c8:	69 83       	std	Y+1, r22	; 0x01
 2ca:	7a 83       	std	Y+2, r23	; 0x02
 2cc:	8b 83       	std	Y+3, r24	; 0x03
 2ce:	9c 83       	std	Y+4, r25	; 0x04
 2d0:	94 01       	movw	r18, r8
 2d2:	a5 01       	movw	r20, r10
 2d4:	5f 77       	andi	r21, 0x7F	; 127
 2d6:	60 91 00 01 	lds	r22, 0x0100	; 0x800100 <d_min>
 2da:	70 91 01 01 	lds	r23, 0x0101	; 0x800101 <d_min+0x1>
 2de:	80 91 02 01 	lds	r24, 0x0102	; 0x800102 <d_min+0x2>
 2e2:	90 91 03 01 	lds	r25, 0x0103	; 0x800103 <d_min+0x3>
 2e6:	0e 94 5b 04 	call	0x8b6	; 0x8b6 <__gesf2>
 2ea:	87 fd       	sbrc	r24, 7
 2ec:	31 c0       	rjmp	.+98     	; 0x350 <.L22>
 2ee:	40 e0       	ldi	r20, 0x00	; 0
 2f0:	50 e0       	ldi	r21, 0x00	; 0
 2f2:	9a 01       	movw	r18, r20
 2f4:	b2 01       	movw	r22, r4
 2f6:	c3 01       	movw	r24, r6
 2f8:	0e 94 fc 02 	call	0x5f8	; 0x5f8 <__cmpsf2>
 2fc:	80 30       	cpi	r24, 0x00	; 0
 2fe:	41 f1       	breq	.+80     	; 0x350 <.L22>
 300:	96 01       	movw	r18, r12
 302:	a7 01       	movw	r20, r14
 304:	69 81       	ldd	r22, Y+1	; 0x01
 306:	7a 81       	ldd	r23, Y+2	; 0x02
 308:	8b 81       	ldd	r24, Y+3	; 0x03
 30a:	9c 81       	ldd	r25, Y+4	; 0x04
 30c:	0e 94 60 04 	call	0x8c0	; 0x8c0 <__mulsf3>
 310:	0e 94 7a 03 	call	0x6f4	; 0x6f4 <__fixunssfsi>
 314:	cb 01       	movw	r24, r22
 316:	0e 94 ea 00 	call	0x1d4	; 0x1d4 <_Z17delayMicrosecondsj>

0000031a <.L25>:
 31a:	ad 81       	ldd	r26, Y+5	; 0x05
 31c:	be 81       	ldd	r27, Y+6	; 0x06
 31e:	b8 01       	movw	r22, r16
 320:	cd 01       	movw	r24, r26
 322:	0f 90       	pop	r0
 324:	0f 90       	pop	r0
 326:	0f 90       	pop	r0
 328:	0f 90       	pop	r0
 32a:	0f 90       	pop	r0
 32c:	0f 90       	pop	r0
 32e:	df 91       	pop	r29
 330:	cf 91       	pop	r28
 332:	1f 91       	pop	r17
 334:	0f 91       	pop	r16
 336:	ff 90       	pop	r15
 338:	ef 90       	pop	r14
 33a:	df 90       	pop	r13
 33c:	cf 90       	pop	r12
 33e:	bf 90       	pop	r11
 340:	af 90       	pop	r10
 342:	9f 90       	pop	r9
 344:	8f 90       	pop	r8
 346:	7f 90       	pop	r7
 348:	6f 90       	pop	r6
 34a:	5f 90       	pop	r5
 34c:	4f 90       	pop	r4
 34e:	08 95       	ret

00000350 <.L22>:
 350:	40 e0       	ldi	r20, 0x00	; 0
 352:	50 e0       	ldi	r21, 0x00	; 0
 354:	9a 01       	movw	r18, r20
 356:	b4 01       	movw	r22, r8
 358:	c5 01       	movw	r24, r10
 35a:	0e 94 5b 04 	call	0x8b6	; 0x8b6 <__gesf2>
 35e:	18 16       	cp	r1, r24
 360:	f4 f4       	brge	.+60     	; 0x39e <.L37>
 362:	5c 9a       	sbi	0x0b, 4	; 11
 364:	5b 98       	cbi	0x0b, 3	; 11

00000366 <.L28>:
 366:	82 01       	movw	r16, r4
 368:	6d 82       	std	Y+5, r6	; 0x05
 36a:	7e 82       	std	Y+6, r7	; 0x06

0000036c <.L29>:
 36c:	b6 01       	movw	r22, r12
 36e:	c7 01       	movw	r24, r14
 370:	0e 94 73 03 	call	0x6e6	; 0x6e6 <__fixsfsi>
 374:	6b 01       	movw	r12, r22
 376:	e1 2c       	mov	r14, r1
 378:	f1 2c       	mov	r15, r1

0000037a <.L31>:
 37a:	ce 14       	cp	r12, r14
 37c:	df 04       	cpc	r13, r15
 37e:	69 f2       	breq	.-102    	; 0x31a <.L25>
 380:	5a 9a       	sbi	0x0b, 2	; 11
 382:	69 81       	ldd	r22, Y+1	; 0x01
 384:	7a 81       	ldd	r23, Y+2	; 0x02
 386:	8b 81       	ldd	r24, Y+3	; 0x03
 388:	9c 81       	ldd	r25, Y+4	; 0x04
 38a:	0e 94 7a 03 	call	0x6f4	; 0x6f4 <__fixunssfsi>
 38e:	cb 01       	movw	r24, r22
 390:	0e 94 ea 00 	call	0x1d4	; 0x1d4 <_Z17delayMicrosecondsj>
 394:	5a 98       	cbi	0x0b, 2	; 11
 396:	8f ef       	ldi	r24, 0xFF	; 255
 398:	e8 1a       	sub	r14, r24
 39a:	f8 0a       	sbc	r15, r24
 39c:	ee cf       	rjmp	.-36     	; 0x37a <.L31>

0000039e <.L37>:
 39e:	40 e0       	ldi	r20, 0x00	; 0
 3a0:	50 e0       	ldi	r21, 0x00	; 0
 3a2:	9a 01       	movw	r18, r20
 3a4:	b4 01       	movw	r22, r8
 3a6:	c5 01       	movw	r24, r10
 3a8:	0e 94 fc 02 	call	0x5f8	; 0x5f8 <__cmpsf2>
 3ac:	87 ff       	sbrs	r24, 7
 3ae:	de cf       	rjmp	.-68     	; 0x36c <.L29>
 3b0:	5c 98       	cbi	0x0b, 4	; 11
 3b2:	5b 9a       	sbi	0x0b, 3	; 11
 3b4:	d8 cf       	rjmp	.-80     	; 0x366 <.L28>

000003b6 <_Z4loopv>:
 3b6:	85 e0       	ldi	r24, 0x05	; 5
 3b8:	0e 94 8d 00 	call	0x11a	; 0x11a <_Z10analogReadh>
 3bc:	a0 e0       	ldi	r26, 0x00	; 0
 3be:	b0 e0       	ldi	r27, 0x00	; 0
 3c0:	01 97       	sbiw	r24, 0x01	; 1
 3c2:	a0 40       	sbci	r26, 0x00	; 0
 3c4:	b0 40       	sbci	r27, 0x00	; 0
 3c6:	9c 01       	movw	r18, r24
 3c8:	ad 01       	movw	r20, r26
 3ca:	a8 e5       	ldi	r26, 0x58	; 88
 3cc:	b2 e0       	ldi	r27, 0x02	; 2
 3ce:	0e 94 53 02 	call	0x4a6	; 0x4a6 <__muluhisi3>
 3d2:	2e ef       	ldi	r18, 0xFE	; 254
 3d4:	33 e0       	ldi	r19, 0x03	; 3
 3d6:	40 e0       	ldi	r20, 0x00	; 0
 3d8:	50 e0       	ldi	r21, 0x00	; 0
 3da:	0e 94 34 02 	call	0x468	; 0x468 <__divmodsi4>
 3de:	b9 01       	movw	r22, r18
 3e0:	ca 01       	movw	r24, r20
 3e2:	0e 94 ab 03 	call	0x756	; 0x756 <__floatsisf>
 3e6:	2a e0       	ldi	r18, 0x0A	; 10
 3e8:	37 ed       	ldi	r19, 0xD7	; 215
 3ea:	43 e2       	ldi	r20, 0x23	; 35
 3ec:	5c e3       	ldi	r21, 0x3C	; 60
 3ee:	0e 94 60 04 	call	0x8c0	; 0x8c0 <__mulsf3>
 3f2:	9b 01       	movw	r18, r22
 3f4:	ac 01       	movw	r20, r24
 3f6:	60 91 0c 01 	lds	r22, 0x010C	; 0x80010c <current>
 3fa:	70 91 0d 01 	lds	r23, 0x010D	; 0x80010d <current+0x1>
 3fe:	80 91 0e 01 	lds	r24, 0x010E	; 0x80010e <current+0x2>
 402:	90 91 0f 01 	lds	r25, 0x010F	; 0x80010f <current+0x3>
 406:	0e 94 1d 01 	call	0x23a	; 0x23a <_Z8setAngledd>
 40a:	60 93 0c 01 	sts	0x010C, r22	; 0x80010c <current>
 40e:	70 93 0d 01 	sts	0x010D, r23	; 0x80010d <current+0x1>
 412:	80 93 0e 01 	sts	0x010E, r24	; 0x80010e <current+0x2>
 416:	90 93 0f 01 	sts	0x010F, r25	; 0x80010f <current+0x3>
 41a:	08 95       	ret

0000041c <main>:
 41c:	25 9a       	sbi	0x04, 5	; 4

0000041e <.L2>:
 41e:	2d 9a       	sbi	0x05, 5	; 5
 420:	8f ef       	ldi	r24, 0xFF	; 255
 422:	99 e6       	ldi	r25, 0x69	; 105
 424:	28 e1       	ldi	r18, 0x18	; 24

00000426 <.L1^B1>:
 426:	81 50       	subi	r24, 0x01	; 1
 428:	90 40       	sbci	r25, 0x00	; 0
 42a:	20 40       	sbci	r18, 0x00	; 0
 42c:	e1 f7       	brne	.-8      	; 0x426 <.L1^B1>
 42e:	00 c0       	rjmp	.+0      	; 0x430 <L0^A>

00000430 <L0^A>:
 430:	00 00       	nop
 432:	2d 98       	cbi	0x05, 5	; 5
 434:	8f ef       	ldi	r24, 0xFF	; 255
 436:	99 e6       	ldi	r25, 0x69	; 105
 438:	28 e1       	ldi	r18, 0x18	; 24

0000043a <.L1^B2>:
 43a:	81 50       	subi	r24, 0x01	; 1
 43c:	90 40       	sbci	r25, 0x00	; 0
 43e:	20 40       	sbci	r18, 0x00	; 0
 440:	e1 f7       	brne	.-8      	; 0x43a <.L1^B2>
 442:	00 c0       	rjmp	.+0      	; 0x444 <L0^A>

00000444 <L0^A>:
 444:	00 00       	nop
 446:	eb cf       	rjmp	.-42     	; 0x41e <.L2>

00000448 <__mulsi3>:
    movw    A0, C0
 448:	db 01       	movw	r26, r22

0000044a <.Loc.1>:
    push    C2
 44a:	8f 93       	push	r24

0000044c <.Loc.2>:
    push    C3
 44c:	9f 93       	push	r25

0000044e <.Loc.3>:
    XCALL   __muluhisi3
 44e:	0e 94 53 02 	call	0x4a6	; 0x4a6 <__muluhisi3>

00000452 <.Loc.4>:
    pop     A1
 452:	bf 91       	pop	r27

00000454 <.Loc.5>:
    pop     A0
 454:	af 91       	pop	r26

00000456 <.Loc.6>:
    mul     A0, B0
 456:	a2 9f       	mul	r26, r18

00000458 <.Loc.7>:
    add     C2, r0
 458:	80 0d       	add	r24, r0

0000045a <.Loc.8>:
    adc     C3, r1
 45a:	91 1d       	adc	r25, r1

0000045c <.Loc.9>:
    mul     A0, B1
 45c:	a3 9f       	mul	r26, r19

0000045e <.Loc.10>:
    add     C3, r0
 45e:	90 0d       	add	r25, r0

00000460 <.Loc.11>:
    mul     A1, B0
 460:	b2 9f       	mul	r27, r18

00000462 <.Loc.12>:
    add     C3, r0
 462:	90 0d       	add	r25, r0

00000464 <.Loc.13>:
    clr     __zero_reg__
 464:	11 24       	eor	r1, r1

00000466 <.Loc.14>:
    ret
 466:	08 95       	ret

00000468 <__divmodsi4>:
    mov     __tmp_reg__,r_arg2HH
 468:	05 2e       	mov	r0, r21

0000046a <.Loc.1>:
    bst     r_arg1HH,7          ; store sign of dividend
 46a:	97 fb       	bst	r25, 7

0000046c <.Loc.2>:
    brtc    0f
 46c:	1e f4       	brtc	.+6      	; 0x474 <.L0^B1>

0000046e <.Loc.3>:
    com     __tmp_reg__         ; r0.7 is sign of result
 46e:	00 94       	com	r0

00000470 <.Loc.4>:
    XCALL   __negsi2            ; dividend negative: negate
 470:	0e 94 4b 02 	call	0x496	; 0x496 <__negsi2>

00000474 <.L0^B1>:
    sbrc    r_arg2HH,7
 474:	57 fd       	sbrc	r21, 7

00000476 <.Loc.6>:
    rcall   __divmodsi4_neg2    ; divisor negative: negate
 476:	07 d0       	rcall	.+14     	; 0x486 <__divmodsi4_neg2>

00000478 <.Loc.7>:
    XCALL   __udivmodsi4        ; do the unsigned div/mod
 478:	0e 94 6d 02 	call	0x4da	; 0x4da <__udivmodsi4>

0000047c <.Loc.8>:
    sbrc    __tmp_reg__, 7      ; correct quotient sign
 47c:	07 fc       	sbrc	r0, 7

0000047e <.Loc.9>:
    rcall   __divmodsi4_neg2
 47e:	03 d0       	rcall	.+6      	; 0x486 <__divmodsi4_neg2>

00000480 <.Loc.10>:
    brtc    __divmodsi4_exit    ; correct remainder sign
 480:	4e f4       	brtc	.+18     	; 0x494 <__divmodsi4_exit>

00000482 <.Loc.11>:
    XJMP    __negsi2
 482:	0c 94 4b 02 	jmp	0x496	; 0x496 <__negsi2>

00000486 <__divmodsi4_neg2>:
    com     r_arg2HH
 486:	50 95       	com	r21

00000488 <.Loc.13>:
    com     r_arg2HL
 488:	40 95       	com	r20

0000048a <.Loc.14>:
    com     r_arg2H
 48a:	30 95       	com	r19

0000048c <.Loc.15>:
    neg     r_arg2L
 48c:	21 95       	neg	r18

0000048e <.Loc.16>:
    sbci    r_arg2H,0xff
 48e:	3f 4f       	sbci	r19, 0xFF	; 255

00000490 <.Loc.17>:
    sbci    r_arg2HL,0xff
 490:	4f 4f       	sbci	r20, 0xFF	; 255

00000492 <.Loc.18>:
    sbci    r_arg2HH,0xff
 492:	5f 4f       	sbci	r21, 0xFF	; 255

00000494 <__divmodsi4_exit>:
    ret
 494:	08 95       	ret

00000496 <__negsi2>:
    NEG4    22
 496:	90 95       	com	r25
 498:	80 95       	com	r24
 49a:	70 95       	com	r23
 49c:	61 95       	neg	r22
 49e:	7f 4f       	sbci	r23, 0xFF	; 255
 4a0:	8f 4f       	sbci	r24, 0xFF	; 255
 4a2:	9f 4f       	sbci	r25, 0xFF	; 255

000004a4 <.Loc.1>:
    ret
 4a4:	08 95       	ret

000004a6 <__muluhisi3>:
    XCALL   __umulhisi3
 4a6:	0e 94 5e 02 	call	0x4bc	; 0x4bc <__umulhisi3>

000004aa <.Loc.1>:
    mul     A0, B3
 4aa:	a5 9f       	mul	r26, r21

000004ac <.Loc.2>:
    add     C3, r0
 4ac:	90 0d       	add	r25, r0

000004ae <.Loc.3>:
    mul     A1, B2
 4ae:	b4 9f       	mul	r27, r20

000004b0 <.Loc.4>:
    add     C3, r0
 4b0:	90 0d       	add	r25, r0

000004b2 <.Loc.5>:
    mul     A0, B2
 4b2:	a4 9f       	mul	r26, r20

000004b4 <.Loc.6>:
    add     C2, r0
 4b4:	80 0d       	add	r24, r0

000004b6 <.Loc.7>:
    adc     C3, r1
 4b6:	91 1d       	adc	r25, r1

000004b8 <.Loc.8>:
    clr     __zero_reg__
 4b8:	11 24       	eor	r1, r1

000004ba <.Loc.9>:
    ret
 4ba:	08 95       	ret

000004bc <__umulhisi3>:
    mul     A0, B0
 4bc:	a2 9f       	mul	r26, r18

000004be <.Loc.1>:
    movw    C0, r0
 4be:	b0 01       	movw	r22, r0

000004c0 <.Loc.2>:
    mul     A1, B1
 4c0:	b3 9f       	mul	r27, r19

000004c2 <.Loc.3>:
    movw    C2, r0
 4c2:	c0 01       	movw	r24, r0

000004c4 <.Loc.4>:
    mul     A0, B1
 4c4:	a3 9f       	mul	r26, r19

000004c6 <.Loc.5>:
    add     C1, r0
 4c6:	70 0d       	add	r23, r0

000004c8 <.Loc.6>:
    adc     C2, r1
 4c8:	81 1d       	adc	r24, r1

000004ca <.Loc.7>:
    clr     __zero_reg__
 4ca:	11 24       	eor	r1, r1

000004cc <.Loc.8>:
    adc     C3, __zero_reg__
 4cc:	91 1d       	adc	r25, r1

000004ce <.Loc.9>:
    mul     A1, B0
 4ce:	b2 9f       	mul	r27, r18

000004d0 <.Loc.10>:
    add     C1, r0
 4d0:	70 0d       	add	r23, r0

000004d2 <.Loc.11>:
    adc     C2, r1
 4d2:	81 1d       	adc	r24, r1

000004d4 <.Loc.12>:
    clr     __zero_reg__
 4d4:	11 24       	eor	r1, r1

000004d6 <.Loc.13>:
    adc     C3, __zero_reg__
 4d6:	91 1d       	adc	r25, r1

000004d8 <.Loc.14>:
    ret
 4d8:	08 95       	ret

000004da <__udivmodsi4>:
	ldi	r_remL, 33	; init loop counter
 4da:	a1 e2       	ldi	r26, 0x21	; 33

000004dc <.Loc.1>:
	mov	r_cnt, r_remL
 4dc:	1a 2e       	mov	r1, r26

000004de <.Loc.2>:
	sub	r_remL,r_remL
 4de:	aa 1b       	sub	r26, r26

000004e0 <.Loc.3>:
	sub	r_remH,r_remH	; clear remainder and carry
 4e0:	bb 1b       	sub	r27, r27

000004e2 <.Loc.4>:
	mov_l	r_remHL, r_remL
 4e2:	fd 01       	movw	r30, r26

000004e4 <.Loc.5>:
	rjmp	__udivmodsi4_ep	; jump to entry point
 4e4:	0d c0       	rjmp	.+26     	; 0x500 <__udivmodsi4_ep>

000004e6 <__udivmodsi4_loop>:
        rol	r_remL		; shift dividend into remainder
 4e6:	aa 1f       	adc	r26, r26

000004e8 <.Loc.7>:
	rol	r_remH
 4e8:	bb 1f       	adc	r27, r27

000004ea <.Loc.8>:
	rol	r_remHL
 4ea:	ee 1f       	adc	r30, r30

000004ec <.Loc.9>:
	rol	r_remHH
 4ec:	ff 1f       	adc	r31, r31

000004ee <.Loc.10>:
        cp	r_remL,r_arg2L	; compare remainder & divisor
 4ee:	a2 17       	cp	r26, r18

000004f0 <.Loc.11>:
	cpc	r_remH,r_arg2H
 4f0:	b3 07       	cpc	r27, r19

000004f2 <.Loc.12>:
	cpc	r_remHL,r_arg2HL
 4f2:	e4 07       	cpc	r30, r20

000004f4 <.Loc.13>:
	cpc	r_remHH,r_arg2HH
 4f4:	f5 07       	cpc	r31, r21

000004f6 <.Loc.14>:
	brcs	__udivmodsi4_ep	; remainder <= divisor
 4f6:	20 f0       	brcs	.+8      	; 0x500 <__udivmodsi4_ep>

000004f8 <.Loc.15>:
        sub	r_remL,r_arg2L	; restore remainder
 4f8:	a2 1b       	sub	r26, r18

000004fa <.Loc.16>:
        sbc	r_remH,r_arg2H
 4fa:	b3 0b       	sbc	r27, r19

000004fc <.Loc.17>:
        sbc	r_remHL,r_arg2HL
 4fc:	e4 0b       	sbc	r30, r20

000004fe <.Loc.18>:
        sbc	r_remHH,r_arg2HH
 4fe:	f5 0b       	sbc	r31, r21

00000500 <__udivmodsi4_ep>:
        rol	r_arg1L		; shift dividend (with CARRY)
 500:	66 1f       	adc	r22, r22

00000502 <.Loc.20>:
        rol	r_arg1H
 502:	77 1f       	adc	r23, r23

00000504 <.Loc.21>:
        rol	r_arg1HL
 504:	88 1f       	adc	r24, r24

00000506 <.Loc.22>:
        rol	r_arg1HH
 506:	99 1f       	adc	r25, r25

00000508 <.Loc.23>:
        dec	r_cnt		; decrement loop counter
 508:	1a 94       	dec	r1

0000050a <.Loc.24>:
        brne	__udivmodsi4_loop
 50a:	69 f7       	brne	.-38     	; 0x4e6 <__udivmodsi4_loop>

0000050c <.Loc.25>:
	com	r_arg1L
 50c:	60 95       	com	r22

0000050e <.Loc.26>:
	com	r_arg1H
 50e:	70 95       	com	r23

00000510 <.Loc.27>:
	com	r_arg1HL
 510:	80 95       	com	r24

00000512 <.Loc.28>:
	com	r_arg1HH
 512:	90 95       	com	r25

00000514 <.Loc.29>:
	mov_l	r_arg2L,  r_arg1L	; quotient
 514:	9b 01       	movw	r18, r22

00000516 <.Loc.30>:
	mov_l	r_arg2HL, r_arg1HL
 516:	ac 01       	movw	r20, r24

00000518 <.Loc.31>:
	mov_l	r_arg1L,  r_remL	; remainder
 518:	bd 01       	movw	r22, r26

0000051a <.Loc.32>:
	mov_l	r_arg1HL, r_remHL
 51a:	cf 01       	movw	r24, r30

0000051c <.Loc.33>:
	ret
 51c:	08 95       	ret

0000051e <__subsf3>:
 51e:	50 58       	subi	r21, 0x80	; 128

00000520 <__addsf3>:
 520:	bb 27       	eor	r27, r27
 522:	aa 27       	eor	r26, r26
 524:	0e 94 a7 02 	call	0x54e	; 0x54e <__addsf3x>
 528:	0c 94 21 04 	jmp	0x842	; 0x842 <__fp_round>

0000052c <.L0^B1>:
 52c:	0e 94 13 04 	call	0x826	; 0x826 <__fp_pscA>
 530:	38 f0       	brcs	.+14     	; 0x540 <.L_nan>
 532:	0e 94 1a 04 	call	0x834	; 0x834 <__fp_pscB>
 536:	20 f0       	brcs	.+8      	; 0x540 <.L_nan>
 538:	39 f4       	brne	.+14     	; 0x548 <.L_inf>
 53a:	9f 3f       	cpi	r25, 0xFF	; 255
 53c:	19 f4       	brne	.+6      	; 0x544 <.L_infB>
 53e:	26 f4       	brtc	.+8      	; 0x548 <.L_inf>

00000540 <.L_nan>:
 540:	0c 94 10 04 	jmp	0x820	; 0x820 <__fp_nan>

00000544 <.L_infB>:
 544:	0e f4       	brtc	.+2      	; 0x548 <.L_inf>
 546:	e0 95       	com	r30

00000548 <.L_inf>:
 548:	e7 fb       	bst	r30, 7
 54a:	0c 94 0a 04 	jmp	0x814	; 0x814 <__fp_inf>

0000054e <__addsf3x>:
 54e:	e9 2f       	mov	r30, r25
 550:	0e 94 32 04 	call	0x864	; 0x864 <__fp_split3>
 554:	58 f3       	brcs	.-42     	; 0x52c <.L0^B1>
 556:	ba 17       	cp	r27, r26
 558:	62 07       	cpc	r22, r18
 55a:	73 07       	cpc	r23, r19
 55c:	84 07       	cpc	r24, r20
 55e:	95 07       	cpc	r25, r21
 560:	20 f0       	brcs	.+8      	; 0x56a <.L2^B1>
 562:	79 f4       	brne	.+30     	; 0x582 <.L4^B1>
 564:	a6 f5       	brtc	.+104    	; 0x5ce <.L_add>
 566:	0c 94 54 04 	jmp	0x8a8	; 0x8a8 <__fp_zero>

0000056a <.L2^B1>:
 56a:	0e f4       	brtc	.+2      	; 0x56e <.L3^B1>
 56c:	e0 95       	com	r30

0000056e <.L3^B1>:
 56e:	0b 2e       	mov	r0, r27
 570:	ba 2f       	mov	r27, r26
 572:	a0 2d       	mov	r26, r0
 574:	0b 01       	movw	r0, r22
 576:	b9 01       	movw	r22, r18
 578:	90 01       	movw	r18, r0
 57a:	0c 01       	movw	r0, r24
 57c:	ca 01       	movw	r24, r20
 57e:	a0 01       	movw	r20, r0
 580:	11 24       	eor	r1, r1

00000582 <.L4^B1>:
 582:	ff 27       	eor	r31, r31
 584:	59 1b       	sub	r21, r25

00000586 <.L5^B1>:
 586:	99 f0       	breq	.+38     	; 0x5ae <.L7^B1>
 588:	59 3f       	cpi	r21, 0xF9	; 249
 58a:	50 f4       	brcc	.+20     	; 0x5a0 <.L6^B1>
 58c:	50 3e       	cpi	r21, 0xE0	; 224
 58e:	68 f1       	brcs	.+90     	; 0x5ea <.L_ret>
 590:	1a 16       	cp	r1, r26
 592:	f0 40       	sbci	r31, 0x00	; 0
 594:	a2 2f       	mov	r26, r18
 596:	23 2f       	mov	r18, r19
 598:	34 2f       	mov	r19, r20
 59a:	44 27       	eor	r20, r20
 59c:	58 5f       	subi	r21, 0xF8	; 248
 59e:	f3 cf       	rjmp	.-26     	; 0x586 <.L5^B1>

000005a0 <.L6^B1>:
 5a0:	46 95       	lsr	r20
 5a2:	37 95       	ror	r19
 5a4:	27 95       	ror	r18
 5a6:	a7 95       	ror	r26
 5a8:	f0 40       	sbci	r31, 0x00	; 0
 5aa:	53 95       	inc	r21
 5ac:	c9 f7       	brne	.-14     	; 0x5a0 <.L6^B1>

000005ae <.L7^B1>:
 5ae:	7e f4       	brtc	.+30     	; 0x5ce <.L_add>
 5b0:	1f 16       	cp	r1, r31
 5b2:	ba 0b       	sbc	r27, r26
 5b4:	62 0b       	sbc	r22, r18
 5b6:	73 0b       	sbc	r23, r19
 5b8:	84 0b       	sbc	r24, r20
 5ba:	ba f0       	brmi	.+46     	; 0x5ea <.L_ret>

000005bc <.L8^B1>:
 5bc:	91 50       	subi	r25, 0x01	; 1
 5be:	a1 f0       	breq	.+40     	; 0x5e8 <.L9^B1>
 5c0:	ff 0f       	add	r31, r31
 5c2:	bb 1f       	adc	r27, r27
 5c4:	66 1f       	adc	r22, r22
 5c6:	77 1f       	adc	r23, r23
 5c8:	88 1f       	adc	r24, r24
 5ca:	c2 f7       	brpl	.-16     	; 0x5bc <.L8^B1>
 5cc:	0e c0       	rjmp	.+28     	; 0x5ea <.L_ret>

000005ce <.L_add>:
 5ce:	ba 0f       	add	r27, r26
 5d0:	62 1f       	adc	r22, r18
 5d2:	73 1f       	adc	r23, r19
 5d4:	84 1f       	adc	r24, r20
 5d6:	48 f4       	brcc	.+18     	; 0x5ea <.L_ret>
 5d8:	87 95       	ror	r24
 5da:	77 95       	ror	r23
 5dc:	67 95       	ror	r22
 5de:	b7 95       	ror	r27
 5e0:	f7 95       	ror	r31
 5e2:	9e 3f       	cpi	r25, 0xFE	; 254
 5e4:	08 f0       	brcs	.+2      	; 0x5e8 <.L9^B1>
 5e6:	b0 cf       	rjmp	.-160    	; 0x548 <.L_inf>

000005e8 <.L9^B1>:
 5e8:	93 95       	inc	r25

000005ea <.L_ret>:
 5ea:	88 0f       	add	r24, r24
 5ec:	08 f0       	brcs	.+2      	; 0x5f0 <.L1^B1>
 5ee:	99 27       	eor	r25, r25

000005f0 <.L1^B1>:
 5f0:	ee 0f       	add	r30, r30
 5f2:	97 95       	ror	r25
 5f4:	87 95       	ror	r24
 5f6:	08 95       	ret

000005f8 <__cmpsf2>:
 5f8:	0e 94 e6 03 	call	0x7cc	; 0x7cc <__fp_cmp>
 5fc:	08 f4       	brcc	.+2      	; 0x600 <.L1^B1>
 5fe:	81 e0       	ldi	r24, 0x01	; 1

00000600 <.L1^B1>:
 600:	08 95       	ret

00000602 <__divsf3>:
 602:	0e 94 15 03 	call	0x62a	; 0x62a <__divsf3x>
 606:	0c 94 21 04 	jmp	0x842	; 0x842 <__fp_round>

0000060a <.L0^B1>:
 60a:	0e 94 1a 04 	call	0x834	; 0x834 <__fp_pscB>
 60e:	58 f0       	brcs	.+22     	; 0x626 <.L_nan>
 610:	0e 94 13 04 	call	0x826	; 0x826 <__fp_pscA>
 614:	40 f0       	brcs	.+16     	; 0x626 <.L_nan>
 616:	29 f4       	brne	.+10     	; 0x622 <.L_zr>
 618:	5f 3f       	cpi	r21, 0xFF	; 255
 61a:	29 f0       	breq	.+10     	; 0x626 <.L_nan>

0000061c <.L_inf>:
 61c:	0c 94 0a 04 	jmp	0x814	; 0x814 <__fp_inf>

00000620 <.L1^B1>:
 620:	51 11       	cpse	r21, r1

00000622 <.L_zr>:
 622:	0c 94 55 04 	jmp	0x8aa	; 0x8aa <__fp_szero>

00000626 <.L_nan>:
 626:	0c 94 10 04 	jmp	0x820	; 0x820 <__fp_nan>

0000062a <__divsf3x>:
 62a:	0e 94 32 04 	call	0x864	; 0x864 <__fp_split3>
 62e:	68 f3       	brcs	.-38     	; 0x60a <.L0^B1>

00000630 <__divsf3_pse>:
 630:	99 23       	and	r25, r25
 632:	b1 f3       	breq	.-20     	; 0x620 <.L1^B1>
 634:	55 23       	and	r21, r21
 636:	91 f3       	breq	.-28     	; 0x61c <.L_inf>
 638:	95 1b       	sub	r25, r21
 63a:	55 0b       	sbc	r21, r21
 63c:	bb 27       	eor	r27, r27
 63e:	aa 27       	eor	r26, r26

00000640 <.L2^B1>:
 640:	62 17       	cp	r22, r18
 642:	73 07       	cpc	r23, r19
 644:	84 07       	cpc	r24, r20
 646:	38 f0       	brcs	.+14     	; 0x656 <.L3^B1>
 648:	9f 5f       	subi	r25, 0xFF	; 255
 64a:	5f 4f       	sbci	r21, 0xFF	; 255
 64c:	22 0f       	add	r18, r18
 64e:	33 1f       	adc	r19, r19
 650:	44 1f       	adc	r20, r20
 652:	aa 1f       	adc	r26, r26
 654:	a9 f3       	breq	.-22     	; 0x640 <.L2^B1>

00000656 <.L3^B1>:
 656:	35 d0       	rcall	.+106    	; 0x6c2 <.L_div>
 658:	0e 2e       	mov	r0, r30
 65a:	3a f0       	brmi	.+14     	; 0x66a <.L5^B1>

0000065c <.L4^B1>:
 65c:	e0 e8       	ldi	r30, 0x80	; 128
 65e:	32 d0       	rcall	.+100    	; 0x6c4 <.L_div1>
 660:	91 50       	subi	r25, 0x01	; 1
 662:	50 40       	sbci	r21, 0x00	; 0
 664:	e6 95       	lsr	r30
 666:	00 1c       	adc	r0, r0
 668:	ca f7       	brpl	.-14     	; 0x65c <.L4^B1>

0000066a <.L5^B1>:
 66a:	2b d0       	rcall	.+86     	; 0x6c2 <.L_div>
 66c:	fe 2f       	mov	r31, r30
 66e:	29 d0       	rcall	.+82     	; 0x6c2 <.L_div>
 670:	66 0f       	add	r22, r22
 672:	77 1f       	adc	r23, r23
 674:	88 1f       	adc	r24, r24
 676:	bb 1f       	adc	r27, r27
 678:	26 17       	cp	r18, r22
 67a:	37 07       	cpc	r19, r23
 67c:	48 07       	cpc	r20, r24
 67e:	ab 07       	cpc	r26, r27
 680:	b0 e8       	ldi	r27, 0x80	; 128
 682:	09 f0       	breq	.+2      	; 0x686 <.L4^B2>
 684:	bb 0b       	sbc	r27, r27

00000686 <.L4^B2>:
 686:	80 2d       	mov	r24, r0
 688:	bf 01       	movw	r22, r30
 68a:	ff 27       	eor	r31, r31
 68c:	93 58       	subi	r25, 0x83	; 131
 68e:	5f 4f       	sbci	r21, 0xFF	; 255
 690:	3a f0       	brmi	.+14     	; 0x6a0 <.L13^B1>
 692:	9e 3f       	cpi	r25, 0xFE	; 254
 694:	51 05       	cpc	r21, r1
 696:	78 f0       	brcs	.+30     	; 0x6b6 <.L15^B1>
 698:	0c 94 0a 04 	jmp	0x814	; 0x814 <__fp_inf>

0000069c <.L12^B1>:
 69c:	0c 94 55 04 	jmp	0x8aa	; 0x8aa <__fp_szero>

000006a0 <.L13^B1>:
 6a0:	5f 3f       	cpi	r21, 0xFF	; 255
 6a2:	e4 f3       	brlt	.-8      	; 0x69c <.L12^B1>
 6a4:	98 3e       	cpi	r25, 0xE8	; 232
 6a6:	d4 f3       	brlt	.-12     	; 0x69c <.L12^B1>

000006a8 <.L14^B1>:
 6a8:	86 95       	lsr	r24
 6aa:	77 95       	ror	r23
 6ac:	67 95       	ror	r22
 6ae:	b7 95       	ror	r27
 6b0:	f7 95       	ror	r31
 6b2:	9f 5f       	subi	r25, 0xFF	; 255
 6b4:	c9 f7       	brne	.-14     	; 0x6a8 <.L14^B1>

000006b6 <.L15^B1>:
 6b6:	88 0f       	add	r24, r24
 6b8:	91 1d       	adc	r25, r1
 6ba:	96 95       	lsr	r25
 6bc:	87 95       	ror	r24
 6be:	97 f9       	bld	r25, 7
 6c0:	08 95       	ret

000006c2 <.L_div>:
 6c2:	e1 e0       	ldi	r30, 0x01	; 1

000006c4 <.L_div1>:
 6c4:	66 0f       	add	r22, r22
 6c6:	77 1f       	adc	r23, r23
 6c8:	88 1f       	adc	r24, r24
 6ca:	bb 1f       	adc	r27, r27
 6cc:	62 17       	cp	r22, r18
 6ce:	73 07       	cpc	r23, r19
 6d0:	84 07       	cpc	r24, r20
 6d2:	ba 07       	cpc	r27, r26
 6d4:	20 f0       	brcs	.+8      	; 0x6de <.L2^B2>
 6d6:	62 1b       	sub	r22, r18
 6d8:	73 0b       	sbc	r23, r19
 6da:	84 0b       	sbc	r24, r20
 6dc:	ba 0b       	sbc	r27, r26

000006de <.L2^B2>:
 6de:	ee 1f       	adc	r30, r30
 6e0:	88 f7       	brcc	.-30     	; 0x6c4 <.L_div1>
 6e2:	e0 95       	com	r30
 6e4:	08 95       	ret

000006e6 <__fixsfsi>:
 6e6:	0e 94 7a 03 	call	0x6f4	; 0x6f4 <__fixunssfsi>
 6ea:	68 94       	set
 6ec:	b1 11       	cpse	r27, r1
 6ee:	0c 94 55 04 	jmp	0x8aa	; 0x8aa <__fp_szero>
 6f2:	08 95       	ret

000006f4 <__fixunssfsi>:
 6f4:	0e 94 3a 04 	call	0x874	; 0x874 <__fp_splitA>
 6f8:	88 f0       	brcs	.+34     	; 0x71c <.L_err>
 6fa:	9f 57       	subi	r25, 0x7F	; 127
 6fc:	98 f0       	brcs	.+38     	; 0x724 <.L_zr>
 6fe:	b9 2f       	mov	r27, r25
 700:	99 27       	eor	r25, r25
 702:	b7 51       	subi	r27, 0x17	; 23
 704:	b0 f0       	brcs	.+44     	; 0x732 <.L4^B1>
 706:	e1 f0       	breq	.+56     	; 0x740 <.L_sign>

00000708 <.L1^B1>:
 708:	66 0f       	add	r22, r22
 70a:	77 1f       	adc	r23, r23
 70c:	88 1f       	adc	r24, r24
 70e:	99 1f       	adc	r25, r25
 710:	1a f0       	brmi	.+6      	; 0x718 <.L2^B1>
 712:	ba 95       	dec	r27
 714:	c9 f7       	brne	.-14     	; 0x708 <.L1^B1>
 716:	14 c0       	rjmp	.+40     	; 0x740 <.L_sign>

00000718 <.L2^B1>:
 718:	b1 30       	cpi	r27, 0x01	; 1
 71a:	91 f0       	breq	.+36     	; 0x740 <.L_sign>

0000071c <.L_err>:
 71c:	0e 94 54 04 	call	0x8a8	; 0x8a8 <__fp_zero>
 720:	b1 e0       	ldi	r27, 0x01	; 1
 722:	08 95       	ret

00000724 <.L_zr>:
 724:	0c 94 54 04 	jmp	0x8a8	; 0x8a8 <__fp_zero>

00000728 <.L3^B1>:
 728:	67 2f       	mov	r22, r23
 72a:	78 2f       	mov	r23, r24
 72c:	88 27       	eor	r24, r24
 72e:	b8 5f       	subi	r27, 0xF8	; 248
 730:	39 f0       	breq	.+14     	; 0x740 <.L_sign>

00000732 <.L4^B1>:
 732:	b9 3f       	cpi	r27, 0xF9	; 249
 734:	cc f3       	brlt	.-14     	; 0x728 <.L3^B1>

00000736 <.L5^B1>:
 736:	86 95       	lsr	r24
 738:	77 95       	ror	r23
 73a:	67 95       	ror	r22
 73c:	b3 95       	inc	r27
 73e:	d9 f7       	brne	.-10     	; 0x736 <.L5^B1>

00000740 <.L_sign>:
 740:	3e f4       	brtc	.+14     	; 0x750 <.L6^B1>
 742:	90 95       	com	r25
 744:	80 95       	com	r24
 746:	70 95       	com	r23
 748:	61 95       	neg	r22
 74a:	7f 4f       	sbci	r23, 0xFF	; 255
 74c:	8f 4f       	sbci	r24, 0xFF	; 255
 74e:	9f 4f       	sbci	r25, 0xFF	; 255

00000750 <.L6^B1>:
 750:	08 95       	ret

00000752 <__floatunsisf>:
 752:	e8 94       	clt
 754:	09 c0       	rjmp	.+18     	; 0x768 <.L1^B1>

00000756 <__floatsisf>:
 756:	97 fb       	bst	r25, 7
 758:	3e f4       	brtc	.+14     	; 0x768 <.L1^B1>
 75a:	90 95       	com	r25
 75c:	80 95       	com	r24
 75e:	70 95       	com	r23
 760:	61 95       	neg	r22
 762:	7f 4f       	sbci	r23, 0xFF	; 255
 764:	8f 4f       	sbci	r24, 0xFF	; 255
 766:	9f 4f       	sbci	r25, 0xFF	; 255

00000768 <.L1^B1>:
 768:	99 23       	and	r25, r25
 76a:	a9 f0       	breq	.+42     	; 0x796 <.L4^B1>
 76c:	f9 2f       	mov	r31, r25
 76e:	96 e9       	ldi	r25, 0x96	; 150
 770:	bb 27       	eor	r27, r27

00000772 <.L2^B1>:
 772:	93 95       	inc	r25
 774:	f6 95       	lsr	r31
 776:	87 95       	ror	r24
 778:	77 95       	ror	r23
 77a:	67 95       	ror	r22
 77c:	b7 95       	ror	r27
 77e:	f1 11       	cpse	r31, r1
 780:	f8 cf       	rjmp	.-16     	; 0x772 <.L2^B1>
 782:	fa f4       	brpl	.+62     	; 0x7c2 <.L_pack>
 784:	bb 0f       	add	r27, r27
 786:	11 f4       	brne	.+4      	; 0x78c <.L3^B1>
 788:	60 ff       	sbrs	r22, 0
 78a:	1b c0       	rjmp	.+54     	; 0x7c2 <.L_pack>

0000078c <.L3^B1>:
 78c:	6f 5f       	subi	r22, 0xFF	; 255
 78e:	7f 4f       	sbci	r23, 0xFF	; 255
 790:	8f 4f       	sbci	r24, 0xFF	; 255
 792:	9f 4f       	sbci	r25, 0xFF	; 255
 794:	16 c0       	rjmp	.+44     	; 0x7c2 <.L_pack>

00000796 <.L4^B1>:
 796:	88 23       	and	r24, r24
 798:	11 f0       	breq	.+4      	; 0x79e <.L5^B1>
 79a:	96 e9       	ldi	r25, 0x96	; 150
 79c:	11 c0       	rjmp	.+34     	; 0x7c0 <.L8^B1>

0000079e <.L5^B1>:
 79e:	77 23       	and	r23, r23
 7a0:	21 f0       	breq	.+8      	; 0x7aa <.L6^B1>
 7a2:	9e e8       	ldi	r25, 0x8E	; 142
 7a4:	87 2f       	mov	r24, r23
 7a6:	76 2f       	mov	r23, r22
 7a8:	05 c0       	rjmp	.+10     	; 0x7b4 <.L7^B1>

000007aa <.L6^B1>:
 7aa:	66 23       	and	r22, r22
 7ac:	71 f0       	breq	.+28     	; 0x7ca <.L9^B1>
 7ae:	96 e8       	ldi	r25, 0x86	; 134
 7b0:	86 2f       	mov	r24, r22
 7b2:	70 e0       	ldi	r23, 0x00	; 0

000007b4 <.L7^B1>:
 7b4:	60 e0       	ldi	r22, 0x00	; 0
 7b6:	2a f0       	brmi	.+10     	; 0x7c2 <.L_pack>

000007b8 <.L10^B1>:
 7b8:	9a 95       	dec	r25
 7ba:	66 0f       	add	r22, r22
 7bc:	77 1f       	adc	r23, r23
 7be:	88 1f       	adc	r24, r24

000007c0 <.L8^B1>:
 7c0:	da f7       	brpl	.-10     	; 0x7b8 <.L10^B1>

000007c2 <.L_pack>:
 7c2:	88 0f       	add	r24, r24
 7c4:	96 95       	lsr	r25
 7c6:	87 95       	ror	r24
 7c8:	97 f9       	bld	r25, 7

000007ca <.L9^B1>:
 7ca:	08 95       	ret

000007cc <__fp_cmp>:
 7cc:	99 0f       	add	r25, r25
 7ce:	00 08       	sbc	r0, r0
 7d0:	55 0f       	add	r21, r21
 7d2:	aa 0b       	sbc	r26, r26
 7d4:	e0 e8       	ldi	r30, 0x80	; 128
 7d6:	fe ef       	ldi	r31, 0xFE	; 254
 7d8:	16 16       	cp	r1, r22
 7da:	17 06       	cpc	r1, r23
 7dc:	e8 07       	cpc	r30, r24
 7de:	f9 07       	cpc	r31, r25
 7e0:	c0 f0       	brcs	.+48     	; 0x812 <.L9^B1>
 7e2:	12 16       	cp	r1, r18
 7e4:	13 06       	cpc	r1, r19
 7e6:	e4 07       	cpc	r30, r20
 7e8:	f5 07       	cpc	r31, r21
 7ea:	98 f0       	brcs	.+38     	; 0x812 <.L9^B1>
 7ec:	62 1b       	sub	r22, r18
 7ee:	73 0b       	sbc	r23, r19
 7f0:	84 0b       	sbc	r24, r20
 7f2:	95 0b       	sbc	r25, r21
 7f4:	39 f4       	brne	.+14     	; 0x804 <.L1^B1>
 7f6:	0a 26       	eor	r0, r26
 7f8:	61 f0       	breq	.+24     	; 0x812 <.L9^B1>
 7fa:	23 2b       	or	r18, r19
 7fc:	24 2b       	or	r18, r20
 7fe:	25 2b       	or	r18, r21
 800:	21 f4       	brne	.+8      	; 0x80a <.L2^B1>
 802:	08 95       	ret

00000804 <.L1^B1>:
 804:	0a 26       	eor	r0, r26
 806:	09 f4       	brne	.+2      	; 0x80a <.L2^B1>
 808:	a1 40       	sbci	r26, 0x01	; 1

0000080a <.L2^B1>:
 80a:	a6 95       	lsr	r26
 80c:	8f ef       	ldi	r24, 0xFF	; 255
 80e:	81 1d       	adc	r24, r1
 810:	81 1d       	adc	r24, r1

00000812 <.L9^B1>:
 812:	08 95       	ret

00000814 <__fp_inf>:
 814:	97 f9       	bld	r25, 7
 816:	9f 67       	ori	r25, 0x7F	; 127
 818:	80 e8       	ldi	r24, 0x80	; 128
 81a:	70 e0       	ldi	r23, 0x00	; 0
 81c:	60 e0       	ldi	r22, 0x00	; 0
 81e:	08 95       	ret

00000820 <__fp_nan>:
 820:	9f ef       	ldi	r25, 0xFF	; 255
 822:	80 ec       	ldi	r24, 0xC0	; 192
 824:	08 95       	ret

00000826 <__fp_pscA>:
 826:	00 24       	eor	r0, r0
 828:	0a 94       	dec	r0
 82a:	16 16       	cp	r1, r22
 82c:	17 06       	cpc	r1, r23
 82e:	18 06       	cpc	r1, r24
 830:	09 06       	cpc	r0, r25
 832:	08 95       	ret

00000834 <__fp_pscB>:
 834:	00 24       	eor	r0, r0
 836:	0a 94       	dec	r0
 838:	12 16       	cp	r1, r18
 83a:	13 06       	cpc	r1, r19
 83c:	14 06       	cpc	r1, r20
 83e:	05 06       	cpc	r0, r21
 840:	08 95       	ret

00000842 <__fp_round>:
 842:	09 2e       	mov	r0, r25
 844:	03 94       	inc	r0
 846:	00 0c       	add	r0, r0
 848:	11 f4       	brne	.+4      	; 0x84e <.L1^B1>
 84a:	88 23       	and	r24, r24
 84c:	52 f0       	brmi	.+20     	; 0x862 <.L3^B1>

0000084e <.L1^B1>:
 84e:	bb 0f       	add	r27, r27
 850:	40 f4       	brcc	.+16     	; 0x862 <.L3^B1>
 852:	bf 2b       	or	r27, r31
 854:	11 f4       	brne	.+4      	; 0x85a <.L2^B1>
 856:	60 ff       	sbrs	r22, 0
 858:	04 c0       	rjmp	.+8      	; 0x862 <.L3^B1>

0000085a <.L2^B1>:
 85a:	6f 5f       	subi	r22, 0xFF	; 255
 85c:	7f 4f       	sbci	r23, 0xFF	; 255
 85e:	8f 4f       	sbci	r24, 0xFF	; 255
 860:	9f 4f       	sbci	r25, 0xFF	; 255

00000862 <.L3^B1>:
 862:	08 95       	ret

00000864 <__fp_split3>:
 864:	57 fd       	sbrc	r21, 7
 866:	90 58       	subi	r25, 0x80	; 128
 868:	44 0f       	add	r20, r20
 86a:	55 1f       	adc	r21, r21
 86c:	59 f0       	breq	.+22     	; 0x884 <.L4^B1>
 86e:	5f 3f       	cpi	r21, 0xFF	; 255
 870:	71 f0       	breq	.+28     	; 0x88e <.L5^B1>

00000872 <.L1^B1>:
 872:	47 95       	ror	r20

00000874 <__fp_splitA>:
 874:	88 0f       	add	r24, r24
 876:	97 fb       	bst	r25, 7
 878:	99 1f       	adc	r25, r25
 87a:	61 f0       	breq	.+24     	; 0x894 <.L6^B1>
 87c:	9f 3f       	cpi	r25, 0xFF	; 255
 87e:	79 f0       	breq	.+30     	; 0x89e <.L7^B1>

00000880 <.L3^B1>:
 880:	87 95       	ror	r24
 882:	08 95       	ret

00000884 <.L4^B1>:
 884:	12 16       	cp	r1, r18
 886:	13 06       	cpc	r1, r19
 888:	14 06       	cpc	r1, r20
 88a:	55 1f       	adc	r21, r21
 88c:	f2 cf       	rjmp	.-28     	; 0x872 <.L1^B1>

0000088e <.L5^B1>:
 88e:	46 95       	lsr	r20
 890:	f1 df       	rcall	.-30     	; 0x874 <__fp_splitA>
 892:	08 c0       	rjmp	.+16     	; 0x8a4 <.L8^B1>

00000894 <.L6^B1>:
 894:	16 16       	cp	r1, r22
 896:	17 06       	cpc	r1, r23
 898:	18 06       	cpc	r1, r24
 89a:	99 1f       	adc	r25, r25
 89c:	f1 cf       	rjmp	.-30     	; 0x880 <.L3^B1>

0000089e <.L7^B1>:
 89e:	86 95       	lsr	r24
 8a0:	71 05       	cpc	r23, r1
 8a2:	61 05       	cpc	r22, r1

000008a4 <.L8^B1>:
 8a4:	08 94       	sec
 8a6:	08 95       	ret

000008a8 <__fp_zero>:
 8a8:	e8 94       	clt

000008aa <__fp_szero>:
 8aa:	bb 27       	eor	r27, r27
 8ac:	66 27       	eor	r22, r22
 8ae:	77 27       	eor	r23, r23
 8b0:	cb 01       	movw	r24, r22
 8b2:	97 f9       	bld	r25, 7
 8b4:	08 95       	ret

000008b6 <__gesf2>:
 8b6:	0e 94 e6 03 	call	0x7cc	; 0x7cc <__fp_cmp>
 8ba:	08 f4       	brcc	.+2      	; 0x8be <.L1^B1>
 8bc:	8f ef       	ldi	r24, 0xFF	; 255

000008be <.L1^B1>:
 8be:	08 95       	ret

000008c0 <__mulsf3>:
 8c0:	0e 94 73 04 	call	0x8e6	; 0x8e6 <__mulsf3x>
 8c4:	0c 94 21 04 	jmp	0x842	; 0x842 <__fp_round>

000008c8 <.L0^B1>:
 8c8:	0e 94 13 04 	call	0x826	; 0x826 <__fp_pscA>
 8cc:	38 f0       	brcs	.+14     	; 0x8dc <.L1^B1>
 8ce:	0e 94 1a 04 	call	0x834	; 0x834 <__fp_pscB>
 8d2:	20 f0       	brcs	.+8      	; 0x8dc <.L1^B1>
 8d4:	95 23       	and	r25, r21
 8d6:	11 f0       	breq	.+4      	; 0x8dc <.L1^B1>
 8d8:	0c 94 0a 04 	jmp	0x814	; 0x814 <__fp_inf>

000008dc <.L1^B1>:
 8dc:	0c 94 10 04 	jmp	0x820	; 0x820 <__fp_nan>

000008e0 <.L2^B1>:
 8e0:	11 24       	eor	r1, r1
 8e2:	0c 94 55 04 	jmp	0x8aa	; 0x8aa <__fp_szero>

000008e6 <__mulsf3x>:
 8e6:	0e 94 32 04 	call	0x864	; 0x864 <__fp_split3>
 8ea:	70 f3       	brcs	.-36     	; 0x8c8 <.L0^B1>

000008ec <__mulsf3_pse>:
 8ec:	95 9f       	mul	r25, r21
 8ee:	c1 f3       	breq	.-16     	; 0x8e0 <.L2^B1>
 8f0:	95 0f       	add	r25, r21
 8f2:	50 e0       	ldi	r21, 0x00	; 0
 8f4:	55 1f       	adc	r21, r21
 8f6:	62 9f       	mul	r22, r18
 8f8:	f0 01       	movw	r30, r0
 8fa:	72 9f       	mul	r23, r18
 8fc:	bb 27       	eor	r27, r27
 8fe:	f0 0d       	add	r31, r0
 900:	b1 1d       	adc	r27, r1
 902:	63 9f       	mul	r22, r19
 904:	aa 27       	eor	r26, r26
 906:	f0 0d       	add	r31, r0
 908:	b1 1d       	adc	r27, r1
 90a:	aa 1f       	adc	r26, r26
 90c:	64 9f       	mul	r22, r20
 90e:	66 27       	eor	r22, r22
 910:	b0 0d       	add	r27, r0
 912:	a1 1d       	adc	r26, r1
 914:	66 1f       	adc	r22, r22
 916:	82 9f       	mul	r24, r18
 918:	22 27       	eor	r18, r18
 91a:	b0 0d       	add	r27, r0
 91c:	a1 1d       	adc	r26, r1
 91e:	62 1f       	adc	r22, r18
 920:	73 9f       	mul	r23, r19
 922:	b0 0d       	add	r27, r0
 924:	a1 1d       	adc	r26, r1
 926:	62 1f       	adc	r22, r18
 928:	83 9f       	mul	r24, r19
 92a:	a0 0d       	add	r26, r0
 92c:	61 1d       	adc	r22, r1
 92e:	22 1f       	adc	r18, r18
 930:	74 9f       	mul	r23, r20
 932:	33 27       	eor	r19, r19
 934:	a0 0d       	add	r26, r0
 936:	61 1d       	adc	r22, r1
 938:	23 1f       	adc	r18, r19
 93a:	84 9f       	mul	r24, r20
 93c:	60 0d       	add	r22, r0
 93e:	21 1d       	adc	r18, r1
 940:	82 2f       	mov	r24, r18
 942:	76 2f       	mov	r23, r22
 944:	6a 2f       	mov	r22, r26
 946:	11 24       	eor	r1, r1
 948:	9f 57       	subi	r25, 0x7F	; 127
 94a:	50 40       	sbci	r21, 0x00	; 0
 94c:	9a f0       	brmi	.+38     	; 0x974 <.L13^B1>
 94e:	f1 f0       	breq	.+60     	; 0x98c <.L15^B1>

00000950 <.L10^B1>:
 950:	88 23       	and	r24, r24
 952:	4a f0       	brmi	.+18     	; 0x966 <.L11^B1>
 954:	ee 0f       	add	r30, r30
 956:	ff 1f       	adc	r31, r31
 958:	bb 1f       	adc	r27, r27
 95a:	66 1f       	adc	r22, r22
 95c:	77 1f       	adc	r23, r23
 95e:	88 1f       	adc	r24, r24
 960:	91 50       	subi	r25, 0x01	; 1
 962:	50 40       	sbci	r21, 0x00	; 0
 964:	a9 f7       	brne	.-22     	; 0x950 <.L10^B1>

00000966 <.L11^B1>:
 966:	9e 3f       	cpi	r25, 0xFE	; 254
 968:	51 05       	cpc	r21, r1
 96a:	80 f0       	brcs	.+32     	; 0x98c <.L15^B1>
 96c:	0c 94 0a 04 	jmp	0x814	; 0x814 <__fp_inf>

00000970 <.L12^B1>:
 970:	0c 94 55 04 	jmp	0x8aa	; 0x8aa <__fp_szero>

00000974 <.L13^B1>:
 974:	5f 3f       	cpi	r21, 0xFF	; 255
 976:	e4 f3       	brlt	.-8      	; 0x970 <.L12^B1>
 978:	98 3e       	cpi	r25, 0xE8	; 232
 97a:	d4 f3       	brlt	.-12     	; 0x970 <.L12^B1>

0000097c <.L14^B1>:
 97c:	86 95       	lsr	r24
 97e:	77 95       	ror	r23
 980:	67 95       	ror	r22
 982:	b7 95       	ror	r27
 984:	f7 95       	ror	r31
 986:	e7 95       	ror	r30
 988:	9f 5f       	subi	r25, 0xFF	; 255
 98a:	c1 f7       	brne	.-16     	; 0x97c <.L14^B1>

0000098c <.L15^B1>:
 98c:	fe 2b       	or	r31, r30
 98e:	88 0f       	add	r24, r24
 990:	91 1d       	adc	r25, r1
 992:	96 95       	lsr	r25
 994:	87 95       	ror	r24
 996:	97 f9       	bld	r25, 7
 998:	08 95       	ret

0000099a <_exit>:
	cli
 99a:	f8 94       	cli

0000099c <__stop_program>:
	rjmp	__stop_program
 99c:	ff cf       	rjmp	.-2      	; 0x99c <__stop_program>
