
blink.elf:     file format elf32-avr

Sections:
Idx Name          Size      VMA       LMA       File off  Algn
  0 .data         00000000  00800100  000000bc  00000130  2**0
                  CONTENTS, ALLOC, LOAD, DATA
  1 .text         000000bc  00000000  00000000  00000074  2**1
                  CONTENTS, ALLOC, LOAD, READONLY, CODE
  2 .comment      0000002a  00000000  00000000  00000130  2**0
                  CONTENTS, READONLY
  3 .note.gnu.avr.deviceinfo 00000040  00000000  00000000  0000015c  2**2
                  CONTENTS, READONLY, OCTETS
  4 .debug_aranges 00000020  00000000  00000000  000001a0  2**3
                  CONTENTS, READONLY, DEBUGGING, OCTETS
  5 .debug_info   00000618  00000000  00000000  000001c0  2**0
                  CONTENTS, READONLY, DEBUGGING, OCTETS
  6 .debug_abbrev 000005b6  00000000  00000000  000007d8  2**0
                  CONTENTS, READONLY, DEBUGGING, OCTETS
  7 .debug_line   0000006e  00000000  00000000  00000d8e  2**0
                  CONTENTS, READONLY, DEBUGGING, OCTETS
  8 .debug_str    000002a9  00000000  00000000  00000dfc  2**0
                  CONTENTS, READONLY, DEBUGGING, OCTETS
  9 .debug_line_str 0000008f  00000000  00000000  000010a5  2**0
                  CONTENTS, READONLY, DEBUGGING, OCTETS

Disassembly of section .text:

00000000 <__vectors>:
   0:	0c 94 34 00 	jmp	0x68	; 0x68 <__ctors_end>
   4:	0c 94 3e 00 	jmp	0x7c	; 0x7c <__bad_interrupt>
   8:	0c 94 3e 00 	jmp	0x7c	; 0x7c <__bad_interrupt>
   c:	0c 94 3e 00 	jmp	0x7c	; 0x7c <__bad_interrupt>
  10:	0c 94 3e 00 	jmp	0x7c	; 0x7c <__bad_interrupt>
  14:	0c 94 3e 00 	jmp	0x7c	; 0x7c <__bad_interrupt>
  18:	0c 94 3e 00 	jmp	0x7c	; 0x7c <__bad_interrupt>
  1c:	0c 94 3e 00 	jmp	0x7c	; 0x7c <__bad_interrupt>
  20:	0c 94 3e 00 	jmp	0x7c	; 0x7c <__bad_interrupt>
  24:	0c 94 3e 00 	jmp	0x7c	; 0x7c <__bad_interrupt>
  28:	0c 94 3e 00 	jmp	0x7c	; 0x7c <__bad_interrupt>
  2c:	0c 94 3e 00 	jmp	0x7c	; 0x7c <__bad_interrupt>
  30:	0c 94 3e 00 	jmp	0x7c	; 0x7c <__bad_interrupt>
  34:	0c 94 3e 00 	jmp	0x7c	; 0x7c <__bad_interrupt>
  38:	0c 94 3e 00 	jmp	0x7c	; 0x7c <__bad_interrupt>
  3c:	0c 94 3e 00 	jmp	0x7c	; 0x7c <__bad_interrupt>
  40:	0c 94 3e 00 	jmp	0x7c	; 0x7c <__bad_interrupt>
  44:	0c 94 3e 00 	jmp	0x7c	; 0x7c <__bad_interrupt>
  48:	0c 94 3e 00 	jmp	0x7c	; 0x7c <__bad_interrupt>
  4c:	0c 94 3e 00 	jmp	0x7c	; 0x7c <__bad_interrupt>
  50:	0c 94 3e 00 	jmp	0x7c	; 0x7c <__bad_interrupt>
  54:	0c 94 3e 00 	jmp	0x7c	; 0x7c <__bad_interrupt>
  58:	0c 94 3e 00 	jmp	0x7c	; 0x7c <__bad_interrupt>
  5c:	0c 94 3e 00 	jmp	0x7c	; 0x7c <__bad_interrupt>
  60:	0c 94 3e 00 	jmp	0x7c	; 0x7c <__bad_interrupt>
  64:	0c 94 3e 00 	jmp	0x7c	; 0x7c <__bad_interrupt>

00000068 <__ctors_end>:
  68:	11 24       	eor	r1, r1
  6a:	1f be       	out	0x3f, r1	; 63

0000006c <__init_sp>:
  6c:	cf ef       	ldi	r28, 0xFF	; 255
  6e:	d8 e0       	ldi	r29, 0x08	; 8
  70:	de bf       	out	0x3e, r29	; 62
  72:	cd bf       	out	0x3d, r28	; 61

00000074 <__call_main>:
  74:	0e 94 57 00 	call	0xae	; 0xae <main>
  78:	0c 94 5c 00 	jmp	0xb8	; 0xb8 <_exit>

0000007c <__bad_interrupt>:
  7c:	0c 94 00 00 	jmp	0	; 0x0 <__vectors>

00000080 <_Z5setupv>:
  80:	25 9a       	sbi	0x04, 5	; 4
  82:	08 95       	ret

00000084 <_Z4loopv>:
  84:	2d 9a       	sbi	0x05, 5	; 5
  86:	8f ef       	ldi	r24, 0xFF	; 255
  88:	93 ed       	ldi	r25, 0xD3	; 211
  8a:	20 e3       	ldi	r18, 0x30	; 48

0000008c <.L1^B1>:
  8c:	81 50       	subi	r24, 0x01	; 1
  8e:	90 40       	sbci	r25, 0x00	; 0
  90:	20 40       	sbci	r18, 0x00	; 0
  92:	e1 f7       	brne	.-8      	; 0x8c <.L1^B1>
  94:	00 c0       	rjmp	.+0      	; 0x96 <L0^A>

00000096 <L0^A>:
  96:	00 00       	nop
  98:	2d 98       	cbi	0x05, 5	; 5
  9a:	8f ef       	ldi	r24, 0xFF	; 255
  9c:	93 ed       	ldi	r25, 0xD3	; 211
  9e:	20 e3       	ldi	r18, 0x30	; 48

000000a0 <.L1^B2>:
  a0:	81 50       	subi	r24, 0x01	; 1
  a2:	90 40       	sbci	r25, 0x00	; 0
  a4:	20 40       	sbci	r18, 0x00	; 0
  a6:	e1 f7       	brne	.-8      	; 0xa0 <.L1^B2>
  a8:	00 c0       	rjmp	.+0      	; 0xaa <L0^A>

000000aa <L0^A>:
  aa:	00 00       	nop
  ac:	08 95       	ret

000000ae <main>:
  ae:	0e 94 40 00 	call	0x80	; 0x80 <_Z5setupv>

000000b2 <.L4>:
  b2:	0e 94 42 00 	call	0x84	; 0x84 <_Z4loopv>
  b6:	fd cf       	rjmp	.-6      	; 0xb2 <.L4>

000000b8 <_exit>:
ENDF _exit

	/* Code from .fini8 ... .fini1 sections inserted by ld script.  */

	.section .fini0,"ax",@progbits
	cli
  b8:	f8 94       	cli

000000ba <__stop_program>:
__stop_program:
	rjmp	__stop_program
  ba:	ff cf       	rjmp	.-2      	; 0xba <__stop_program>
